// Jest Snapshot v1, https://goo.gl/fbAQLP

exports[`Pruebas sobre componente <HookApp/> Debe de renderizar el componmente correctamente 1`] = `
<div>
  <h1>
    Hook App
  </h1>
</div>
`;
