// Jest Snapshot v1, https://goo.gl/fbAQLP

exports[`Debe de renderizar el componente correctamente Debe de ser un componente de tipo <GifGridItem/> 1`] = `
<div
  className="card animate__animated animate__fadeIn"
>
  <img
    alt="Un titulo"
    src="http://localhost"
  />
  <p>
    Un titulo
  </p>
</div>
`;
